#-----------------------------------------------------------
# Vivado v2020.2 (64-bit)
# SW Build 3064766 on Wed Nov 18 09:12:45 MST 2020
# IP Build 3064653 on Wed Nov 18 14:17:31 MST 2020
# Start of session at: Thu Mar 23 12:26:59 2023
# Process ID: 13008
# Current directory: E:/ComputerOrnazation/lab3/float_add
# Command line: vivado.exe -gui_launcher_event rodinguilauncherevent24660 E:\ComputerOrnazation\lab3\float_add\float_add.xpr
# Log file: E:/ComputerOrnazation/lab3/float_add/vivado.log
# Journal file: E:/ComputerOrnazation/lab3/float_add\vivado.jou
#-----------------------------------------------------------
start_gui
open_project E:/ComputerOrnazation/lab3/float_add/float_add.xpr
update_compile_order -fileset sources_1launch_simulation
source tb.tcl
close_sim
launch_simulation
source tb.tcl
close_sim
launch_simulation
source tb.tcl
close_sim
launch_simulation
source tb.tcl
close_sim
launch_simulation
source tb.tcl
close_sim
launch_simulation
source tb.tcl
close_sim
launch_simulation
source tb.tcl
close_sim
launch_simulation
source tb.tcl
close_sim
launch_simulation
source tb.tcl
close_sim
launch_simulation
source tb.tcl
close_sim
launch_simulation
source tb.tcl
close_sim
launch_simulation
source tb.tcl
close_sim
launch_simulation
source tb.tcl
close_sim
launch_simulation
source tb.tcl
close_sim
launch_simulation
source tb.tcl
close_sim
launch_simulation
source tb.tcl
close_sim
launch_simulation
source tb.tcl
close_sim
launch_simulation
source tb.tcl
close_sim
launch_simulation
source tb.tcl
close_sim
launch_simulation
source tb.tcl
close_sim
launch_simulation
source tb.tcl
close_sim
launch_simulation
source tb.tcl
close_sim
launch_simulation
source tb.tcl
close_sim
launch_simulation
source tb.tcl
close_sim
launch_simulation
source tb.tcl
close_sim
launch_simulation
source tb.tcl
close_sim
launch_simulation
source tb.tcl
close_sim
launch_simulation
source tb.tcl
close_sim
launch_simulation
source tb.tcl
close_sim
launch_simulation
source tb.tcl
close_sim
launch_simulation
source tb.tcl
close_sim
launch_simulation
source tb.tcl
close_sim
launch_simulation
source tb.tcl
close_sim
launch_simulation
source tb.tcl
close_sim
launch_simulation
source tb.tcl
close_sim
launch_simulation
source tb.tcl
close_sim
launch_simulation
source tb.tcl
close_sim
launch_simulation
source tb.tcl
set_property -name {xsim.simulate.runtime} -value {400ns} -objects [get_filesets sim_1]
close_sim
launch_simulation
source tb.tcl
close_sim
launch_simulation
source tb.tcl
close_sim
launch_simulation
source tb.tcl
close_sim
launch_simulation
source tb.tcl
close_sim
