#-----------------------------------------------------------
# Vivado v2020.2 (64-bit)
# SW Build 3064766 on Wed Nov 18 09:12:45 MST 2020
# IP Build 3064653 on Wed Nov 18 14:17:31 MST 2020
# Start of session at: Wed Mar 22 23:47:45 2023
# Process ID: 25284
# Current directory: E:/ComputerOrnazation/lab3/float_add
# Command line: vivado.exe -gui_launcher_event rodinguilauncherevent17420 E:\ComputerOrnazation\lab3\float_add\float_add.xpr
# Log file: E:/ComputerOrnazation/lab3/float_add/vivado.log
# Journal file: E:/ComputerOrnazation/lab3/float_add\vivado.jou
#-----------------------------------------------------------
start_guioopen_project E:/ComputerOrnazation/lab3/float_add/float_add.xpruupdate_compile_order -fileset sources_1launch_simulation
source tb.tcl
close_sim
launch_simulation
source tb.tcl
close_sim
launch_simulation
source tb.tcl
close_sim
launch_simulation
source tb.tcl
close_sim
launch_simulation
source tb.tcl
close_sim
launch_simulation
source tb.tcl
close_sim
launch_simulation
source tb.tcl
close_sim
