#-----------------------------------------------------------
# Vivado v2020.2 (64-bit)
# SW Build 3064766 on Wed Nov 18 09:12:45 MST 2020
# IP Build 3064653 on Wed Nov 18 14:17:31 MST 2020
# Start of session at: Tue Mar 14 14:54:13 2023
# Process ID: 2832
# Current directory: E:/ComputerOrnazation/lab1/ALU
# Command line: vivado.exe -gui_launcher_event rodinguilauncherevent25472 E:\ComputerOrnazation\lab1\ALU\ALU.xpr
# Log file: E:/ComputerOrnazation/lab1/ALU/vivado.log
# Journal file: E:/ComputerOrnazation/lab1/ALU\vivado.jou
#-----------------------------------------------------------
start_gui
open_project E:/ComputerOrnazation/lab1/ALU/ALU.xpr
update_compile_order -fileset sources_1
ipx::package_project -root_dir E:/ComputerOrnazation/IP/ALU -vendor xilinx.com -library user -taxonomy /UserIP -import_files -set_current false
ipx::unload_core e:/ComputerOrnazation/IP/ALU/component.xml
ipx::edit_ip_in_project -upgrade true -name tmp_edit_project -directory E:/ComputerOrnazation/IP/ALU e:/ComputerOrnazation/IP/ALU/component.xml
current_project ALU
current_project tmp_edit_project
close_project
