#-----------------------------------------------------------
# Vivado v2020.2 (64-bit)
# SW Build 3064766 on Wed Nov 18 09:12:45 MST 2020
# IP Build 3064653 on Wed Nov 18 14:17:31 MST 2020
# Start of session at: Mon May 22 13:40:12 2023
# Process ID: 5976
# Current directory: E:/ComputerOrnazation/lab4_4/CPU_test_v
# Command line: vivado.exe -gui_launcher_event rodinguilauncherevent4888 E:\ComputerOrnazation\lab4_4\CPU_test_v\CPU_test.xpr
# Log file: E:/ComputerOrnazation/lab4_4/CPU_test_v/vivado.log
# Journal file: E:/ComputerOrnazation/lab4_4/CPU_test_v\vivado.jou
#-----------------------------------------------------------
start_gui
open_project E:/ComputerOrnazation/lab4_4/CPU_test_v/CPU_test.xpr
update_compile_order -fileset sources_1
launch_simulation
open_wave_config E:/ComputerOrnazation/lab4_4/CPU_test_v/SCPU_tb_behav3.wcfg
source testbench_tb.tcl
update_compile_order -fileset sim_1
set_property -name {xsim.simulate.runtime} -value {6000ns} -objects [get_filesets sim_1]
launch_simulation
launch_simulation
update_compile_order -fileset sim_1
close_sim
launch_simulation
open_wave_config E:/ComputerOrnazation/lab4_4/CPU_test_v/SCPU_tb_behav3.wcfg
source testbench_tb.tcl
close_sim
launch_simulation
open_wave_config E:/ComputerOrnazation/lab4_4/CPU_test_v/SCPU_tb_behav3.wcfg
source testbench_tb.tcl
save_wave_config {E:/ComputerOrnazation/lab4_4/CPU_test_v/SCPU_tb_behav3.wcfg}
close_sim
launch_simulation
launch_simulation
open_wave_config E:/ComputerOrnazation/lab4_4/CPU_test_v/SCPU_tb_behav3.wcfg
source testbench_tb.tcl
close_sim
