#-----------------------------------------------------------
# Vivado v2020.2 (64-bit)
# SW Build 3064766 on Wed Nov 18 09:12:45 MST 2020
# IP Build 3064653 on Wed Nov 18 14:17:31 MST 2020
# Start of session at: Thu Mar  2 08:14:23 2023
# Process ID: 25044
# Current directory: E:/ComputerOrnazation/lab0/OExp01-muxctrl
# Command line: vivado.exe -gui_launcher_event rodinguilauncherevent1524 E:\ComputerOrnazation\lab0\OExp01-muxctrl\OExp01-muxctrl.xpr
# Log file: E:/ComputerOrnazation/lab0/OExp01-muxctrl/vivado.log
# Journal file: E:/ComputerOrnazation/lab0/OExp01-muxctrl\vivado.jou
#-----------------------------------------------------------
start_gui
open_project E:/ComputerOrnazation/lab0/OExp01-muxctrl/OExp01-muxctrl.xpr
update_compile_order -fileset sources_1
set_property  ip_repo_paths  E:/ComputerOrnazation/IP [current_project]
update_ip_catalog
create_bd_design "OExp01_muxctrl"
update_compile_order -fileset sources_1
startgroup
create_bd_cell -type ip -vlnv xilinx.com:user:MUX2T1_5:1.0 MUX2T1_5_0
endgroup
startgroup
create_bd_cell -type ip -vlnv xilinx.com:user:MUX2T1_8:1.0 MUX2T1_8_0
endgroup
startgroup
create_bd_cell -type ip -vlnv xilinx.com:user:MUX2T1_5:1.0 MUX2T1_5_1
endgroup
set_property location {3.5 475 47} [get_bd_cells MUX2T1_5_0]
set_property location {3 469 -115} [get_bd_cells MUX2T1_5_1]
startgroup
create_bd_cell -type ip -vlnv xilinx.com:user:MUX2T1_8:1.0 MUX2T1_8_1
endgroup
set_property location {2 264 -209} [get_bd_cells MUX2T1_8_1]
startgroup
create_bd_cell -type ip -vlnv xilinx.com:user:MUX4T1_5:1.0 MUX4T1_5_0
endgroup
startgroup
create_bd_cell -type ip -vlnv xilinx.com:user:MUX4T1_5:1.0 MUX4T1_5_1
endgroup
set_property location {4 560 -244} [get_bd_cells MUX2T1_5_0]
startgroup
create_bd_cell -type ip -vlnv xilinx.com:ip:xlslice:1.0 xlslice_0
endgroup
set_property -dict [list CONFIG.DIN_FROM {3} CONFIG.DIN_WIDTH {5} CONFIG.DOUT_WIDTH {4}] [get_bd_cells xlslice_0]
copy_bd_objs /  [get_bd_cells {xlslice_0}]
startgroup
create_bd_cell -type ip -vlnv xilinx.com:ip:xlconcat:2.1 xlconcat_0
endgroup
set_property -dict [list CONFIG.IN0_WIDTH.VALUE_SRC USER CONFIG.IN1_WIDTH.VALUE_SRC USER] [get_bd_cells xlconcat_0]
set_property -dict [list CONFIG.IN0_WIDTH {4} CONFIG.IN1_WIDTH {4}] [get_bd_cells xlconcat_0]
copy_bd_objs /  [get_bd_cells {xlconcat_0}]
save_bd_design
startgroup
create_bd_cell -type ip -vlnv xilinx.com:ip:xlconstant:1.1 xlconstant_0
endgroup
set_property -dict [list CONFIG.CONST_WIDTH {5} CONFIG.CONST_VAL {0}] [get_bd_cells xlconstant_0]
copy_bd_objs /  [get_bd_cells {xlconstant_0}]
set_property -dict [list CONFIG.CONST_VAL {1}] [get_bd_cells xlconstant_1]
copy_bd_objs /  [get_bd_cells {xlconstant_0}]
set_property -dict [list CONFIG.CONST_WIDTH {8} CONFIG.CONST_VAL {1}] [get_bd_cells xlconstant_2]
copy_bd_objs /  [get_bd_cells {xlconstant_0}]
set_property -dict [list CONFIG.CONST_WIDTH {1} CONFIG.CONST_VAL {1}] [get_bd_cells xlconstant_3]
set_property location {0.5 -130 -314} [get_bd_cells MUX2T1_5_1]
startgroup
make_bd_pins_external  [get_bd_pins MUX2T1_5_1/I0]
endgroup
startgroup
make_bd_pins_external  [get_bd_pins MUX2T1_5_1/I1]
endgroup
set_property location {1 -143 -169} [get_bd_cells MUX2T1_5_0]
set_property location {-426 -305} [get_bd_ports I1_0]
set_property location {-335 -311} [get_bd_ports I1_0]
connect_bd_net [get_bd_ports I0_0] [get_bd_pins MUX2T1_5_0/I0]
connect_bd_net [get_bd_ports I1_0] [get_bd_pins MUX2T1_5_0/I1]
startgroup
make_bd_pins_external  [get_bd_pins MUX2T1_5_1/s]
endgroup
set_property name s [get_bd_ports s_0]
delete_bd_objs [get_bd_nets s_0_1] [get_bd_ports s]
startgroup
make_bd_pins_external  [get_bd_pins MUX2T1_5_0/s]
endgroup
set_property name s1 [get_bd_ports s_0]
set_property location {0.5 -338 -120} [get_bd_cells xlconstant_3]
set_property location {2 -175 -190} [get_bd_cells MUX2T1_5_0]
set_property location {0.5 -394 -56} [get_bd_cells xlconstant_3]
connect_bd_net [get_bd_pins xlconstant_3/dout] [get_bd_pins MUX2T1_5_1/s]
set_property location {5 490 -72} [get_bd_cells xlconstant_1]
set_property location {4 306 -17} [get_bd_cells xlconstant_2]
set_property location {2.5 58 -341} [get_bd_cells xlslice_0]
set_property location {3 55 -197} [get_bd_cells xlslice_0]
connect_bd_net [get_bd_pins MUX2T1_5_0/o] [get_bd_pins xlslice_0/Din]
set_property location {3 61 -183} [get_bd_cells xlslice_0]
set_property location {3 63 -194} [get_bd_cells xlslice_0]
delete_bd_objs [get_bd_nets MUX2T1_5_0_o]
set_property location {3 46 -330} [get_bd_cells xlslice_0]
connect_bd_net [get_bd_pins MUX2T1_5_1/o] [get_bd_pins xlslice_0/Din]
set_property location {3 59 -199} [get_bd_cells xlslice_1]
connect_bd_net [get_bd_pins MUX2T1_5_0/o] [get_bd_pins xlslice_1/Din]
set_property location {3 61 -195} [get_bd_cells xlslice_1]
set_property location {7 819 -63} [get_bd_cells xlconstant_0]
set_property location {7 812 -365} [get_bd_cells xlconcat_0]
set_property location {8 991 -343} [get_bd_cells xlconcat_1]
set_property location {6 628 -115} [get_bd_cells xlconstant_2]
set_property location {3.5 301 -338} [get_bd_cells xlconcat_0]
set_property location {4 287 -197} [get_bd_cells xlconcat_1]
connect_bd_net [get_bd_pins xlslice_0/Dout] [get_bd_pins xlconcat_0/In0]
connect_bd_net [get_bd_pins xlslice_0/Dout] [get_bd_pins xlconcat_1/In1]
connect_bd_net [get_bd_pins xlslice_1/Dout] [get_bd_pins xlconcat_0/In1]
connect_bd_net [get_bd_pins xlslice_1/Dout] [get_bd_pins xlconcat_1/In0]
delete_bd_objs [get_bd_cells MUX2T1_8_0]
delete_bd_objs [get_bd_cells MUX2T1_8_1]
delete_bd_objs [get_bd_cells MUX4T1_5_0]
startgroup
create_bd_cell -type ip -vlnv xilinx.com:user:MUX8T1_8:1.0 MUX8T1_8_0
endgroup
set_property location {6 607 -388} [get_bd_cells MUX8T1_8_0]
startgroup
make_bd_pins_external  [get_bd_pins MUX8T1_8_0/s]
endgroup
set_property name s2 [get_bd_ports s_0]
connect_bd_net [get_bd_pins MUX8T1_8_0/I0] [get_bd_pins xlconcat_0/dout]
connect_bd_net [get_bd_pins MUX8T1_8_0/I1] [get_bd_pins xlconcat_1/dout]
set_property location {5 669 16} [get_bd_cells xlconstant_0]
set_property location {4 464 -90} [get_bd_cells xlconstant_2]
set_property location {6 809 -180} [get_bd_cells MUX4T1_5_1]
connect_bd_net [get_bd_pins xlconstant_1/dout] [get_bd_pins MUX4T1_5_1/I2]
connect_bd_net [get_bd_pins xlconstant_0/dout] [get_bd_pins MUX4T1_5_1/I3]
connect_bd_net [get_bd_pins xlconstant_2/dout] [get_bd_pins MUX8T1_8_0/I2]
connect_bd_net [get_bd_pins xlconstant_2/dout] [get_bd_pins MUX8T1_8_0/I3]
connect_bd_net [get_bd_pins MUX8T1_8_0/I4] [get_bd_pins xlconstant_2/dout]
connect_bd_net [get_bd_pins MUX8T1_8_0/I5] [get_bd_pins xlconstant_2/dout]
connect_bd_net [get_bd_pins MUX8T1_8_0/I6] [get_bd_pins xlconstant_2/dout]
connect_bd_net [get_bd_pins MUX8T1_8_0/I7] [get_bd_pins xlconstant_2/dout]
copy_bd_objs /  [get_bd_cells {xlslice_0}]
set_property -dict [list CONFIG.DIN_FROM {4} CONFIG.DIN_WIDTH {8} CONFIG.DOUT_WIDTH {5}] [get_bd_cells xlslice_2]
undo
set_property -dict [list CONFIG.DIN_FROM {4} CONFIG.DIN_WIDTH {8} CONFIG.DOUT_WIDTH {5}] [get_bd_cells xlslice_2]
copy_bd_objs /  [get_bd_cells {xlslice_2}]
set_property location {6 834 -383} [get_bd_cells xlslice_3]
connect_bd_net [get_bd_pins xlslice_2/Din] [get_bd_pins xlconcat_1/dout]
connect_bd_net [get_bd_pins MUX4T1_5_1/I1] [get_bd_pins xlslice_2/Dout]
connect_bd_net [get_bd_pins xlslice_3/Dout] [get_bd_pins MUX4T1_5_1/I0]
connect_bd_net [get_bd_pins xlslice_3/Din] [get_bd_pins MUX8T1_8_0/o]
startgroup
make_bd_pins_external  [get_bd_pins MUX4T1_5_1/s]
endgroup
set_property name s [get_bd_ports s_0]
startgroup
make_bd_pins_external  [get_bd_pins MUX4T1_5_1/o]
endgroup
regenerate_bd_layout
regenerate_bd_layout
validate_bd_design
validate_bd_design -force
set_property synth_checkpoint_mode None [get_files  E:/ComputerOrnazation/lab0/OExp01-muxctrl/OExp01-muxctrl.srcs/sources_1/bd/OExp01_muxctrl/OExp01_muxctrl.bd]
generate_target all [get_files  E:/ComputerOrnazation/lab0/OExp01-muxctrl/OExp01-muxctrl.srcs/sources_1/bd/OExp01_muxctrl/OExp01_muxctrl.bd]
export_ip_user_files -of_objects [get_files E:/ComputerOrnazation/lab0/OExp01-muxctrl/OExp01-muxctrl.srcs/sources_1/bd/OExp01_muxctrl/OExp01_muxctrl.bd] -no_script -sync -force -quiet
export_simulation -of_objects [get_files E:/ComputerOrnazation/lab0/OExp01-muxctrl/OExp01-muxctrl.srcs/sources_1/bd/OExp01_muxctrl/OExp01_muxctrl.bd] -directory E:/ComputerOrnazation/lab0/OExp01-muxctrl/OExp01-muxctrl.ip_user_files/sim_scripts -ip_user_files_dir E:/ComputerOrnazation/lab0/OExp01-muxctrl/OExp01-muxctrl.ip_user_files -ipstatic_source_dir E:/ComputerOrnazation/lab0/OExp01-muxctrl/OExp01-muxctrl.ip_user_files/ipstatic -lib_map_path [list {modelsim=E:/ComputerOrnazation/lab0/OExp01-muxctrl/OExp01-muxctrl.cache/compile_simlib/modelsim} {questa=E:/ComputerOrnazation/lab0/OExp01-muxctrl/OExp01-muxctrl.cache/compile_simlib/questa} {riviera=E:/ComputerOrnazation/lab0/OExp01-muxctrl/OExp01-muxctrl.cache/compile_simlib/riviera} {activehdl=E:/ComputerOrnazation/lab0/OExp01-muxctrl/OExp01-muxctrl.cache/compile_simlib/activehdl}] -use_ip_compiled_libs -force -quiet
make_wrapper -files [get_files E:/ComputerOrnazation/lab0/OExp01-muxctrl/OExp01-muxctrl.srcs/sources_1/bd/OExp01_muxctrl/OExp01_muxctrl.bd] -top
add_files -norecurse e:/ComputerOrnazation/lab0/OExp01-muxctrl/OExp01-muxctrl.gen/sources_1/bd/OExp01_muxctrl/hdl/OExp01_muxctrl_wrapper.v
update_compile_order -fileset sources_1
open_bd_design {E:/ComputerOrnazation/lab0/OExp01-muxctrl/OExp01-muxctrl.srcs/sources_1/bd/OExp01_muxctrl/OExp01_muxctrl.bd}
open_bd_design {E:/ComputerOrnazation/lab0/OExp01-muxctrl/OExp01-muxctrl.srcs/sources_1/bd/OExp01_muxctrl/OExp01_muxctrl.bd}
add_files -fileset constrs_1 -norecurse E:/ComputerOrnazation/lab0/OExp01-muxctrl/muxctrl.xdc
import_files -fileset constrs_1 E:/ComputerOrnazation/lab0/OExp01-muxctrl/muxctrl.xdc
launch_runs impl_1 -to_step write_bitstream -jobs 8
wait_on_run impl_1
