#-----------------------------------------------------------
# Vivado v2020.2 (64-bit)
# SW Build 3064766 on Wed Nov 18 09:12:45 MST 2020
# IP Build 3064653 on Wed Nov 18 14:17:31 MST 2020
# Start of session at: Wed Mar  8 12:41:39 2023
# Process ID: 23776
# Current directory: E:/ComputerOrnazation/lab0/Water_LED
# Command line: vivado.exe -gui_launcher_event rodinguilauncherevent19996 E:\ComputerOrnazation\lab0\Water_LED\Water_LED.xpr
# Log file: E:/ComputerOrnazation/lab0/Water_LED/vivado.log
# Journal file: E:/ComputerOrnazation/lab0/Water_LED\vivado.jou
#-----------------------------------------------------------
start_gui
open_project E:/ComputerOrnazation/lab0/Water_LED/Water_LED.xpr
open_run impl_1
update_compile_order -fileset sources_1
reset_run impl_1 -prev_step 
launch_runs impl_1 -to_step write_bitstream -jobs 8
wait_on_run impl_1
open_hw_manager
connect_hw_server -allow_non_jtag
open_hw_target
current_hw_device [get_hw_devices xc7k160t_0]
refresh_hw_device -update_hw_probes false [lindex [get_hw_devices xc7k160t_0] 0]
reset_run impl_1 -prev_step 
launch_runs impl_1 -to_step write_bitstream -jobs 4
wait_on_run impl_1
refresh_hw_device [lindex [get_hw_devices xc7k160t_0] 0]
reset_run impl_1 -prev_step 
launch_runs impl_1 -to_step write_bitstream -jobs 4
wait_on_run impl_1
