#-----------------------------------------------------------
# Vivado v2020.2 (64-bit)
# SW Build 3064766 on Wed Nov 18 09:12:45 MST 2020
# IP Build 3064653 on Wed Nov 18 14:17:31 MST 2020
# Start of session at: Mon May 22 19:15:47 2023
# Process ID: 10888
# Current directory: E:/ComputerOrnazation/lab5_2_3/CPU_test
# Command line: vivado.exe -gui_launcher_event rodinguilauncherevent12416 E:\ComputerOrnazation\lab5_2_3\CPU_test\lab2_final.xpr
# Log file: E:/ComputerOrnazation/lab5_2_3/CPU_test/vivado.log
# Journal file: E:/ComputerOrnazation/lab5_2_3/CPU_test\vivado.jou
#-----------------------------------------------------------
start_gui
open_project E:/ComputerOrnazation/lab5_2_3/CPU_test/lab2_final.xprupdate_compile_order -fileset sources_1
launch_simulation
open_wave_config E:/ComputerOrnazation/lab5_2_3/CPU_test/tb_behav.wcfg
source tb.tcl
close_sim
launch_simulation
open_wave_config E:/ComputerOrnazation/lab5_2_3/CPU_test/tb_behav.wcfg
source tb.tcl
set_property -name {xsim.simulate.runtime} -value {50000ns} -objects [get_filesets sim_1]
close_sim
launch_simulation
open_wave_config E:/ComputerOrnazation/lab5_2_3/CPU_test/tb_behav.wcfg
source tb.tcl
close_sim
